../Core/Src/main.c:84:5:main	8	static
../Core/Src/main.c:153:6:SystemClock_Config	88	static
../Core/Src/main.c:200:13:MX_TIM1_Init	32	static
../Core/Src/main.c:246:13:MX_USART2_UART_Init	8	static
../Core/Src/main.c:279:13:MX_GPIO_Init	48	static
../Core/Src/main.c:336:5:_write	24	static
../Core/Src/main.c:341:6:delay_us	16	static
../Core/Src/main.c:352:6:send_trigger_pulse	16	static
../Core/Src/main.c:363:7:measure_pulse_duration	32	static
../Core/Src/main.c:397:7:measure_distance	32	static
../Core/Src/main.c:422:6:Error_Handler	4	static,ignoring_inline_asm
