../Core/Src/main.c:132:5:main	64	static
../Core/Src/main.c:232:6:SystemClock_Config	88	static
../Core/Src/main.c:279:13:MX_TIM1_Init	32	static
../Core/Src/main.c:325:13:MX_TIM2_Init	64	static
../Core/Src/main.c:384:13:MX_USART1_UART_Init	8	static
../Core/Src/main.c:417:13:MX_USART2_UART_Init	8	static
../Core/Src/main.c:450:13:MX_GPIO_Init	48	static
../Core/Src/main.c:496:5:_write	24	static
../Core/Src/main.c:502:6:delay_us	16	static
../Core/Src/main.c:514:6:store	8	static
../Core/Src/main.c:524:6:reset_display	16	static
../Core/Src/main.c:535:6:shift_out	32	static
../Core/Src/main.c:570:6:display_pattern	32	static
../Core/Src/main.c:590:10:prescaler_for_frequency	16	static
../Core/Src/main.c:600:6:pause_buzzer	4	static
../Core/Src/main.c:609:6:Error_Handler	4	static,ignoring_inline_asm
