03:16:23 **** Incremental Build of configuration Debug for project Input ****
make -j16 all 
arm-none-eabi-gcc "../Core/Src/main.c" -mcpu=cortex-m4 -std=gnu11 -g3 -DDEBUG -DUSE_HAL_DRIVER -DSTM32F401xE -c -I../Core/Inc -I../Drivers/STM32F4xx_HAL_Driver/Inc -I../Drivers/STM32F4xx_HAL_Driver/Inc/Legacy -I../Drivers/CMSIS/Device/ST/STM32F4xx/Include -I../Drivers/CMSIS/Include -O0 -ffunction-sections -fdata-sections -Wall -fstack-usage -fcyclomatic-complexity -MMD -MP -MF"Core/Src/main.d" -MT"Core/Src/main.o" --specs=nano.specs -mfpu=fpv4-sp-d16 -mfloat-abi=hard -mthumb -o "Core/Src/main.o"
arm-none-eabi-gcc -o "Input.elf" @"objects.list"   -mcpu=cortex-m4 -T"C:\Users\Leo\STM32CubeIDE\ECE_198\Input\STM32F401RETX_FLASH.ld" --specs=nosys.specs -Wl,-Map="Input.map" -Wl,--gc-sections -static -u _printf_float --specs=nano.specs -mfpu=fpv4-sp-d16 -mfloat-abi=hard -mthumb -Wl,--start-group -lc -lm -Wl,--end-group
Finished building target: Input.elf
 
arm-none-eabi-size  Input.elf 
arm-none-eabi-objdump -h -S Input.elf  > "Input.list"
   text	   data	    bss	    dec	    hex	filename
  25008	    468	   2052	  27528	   6b88	Input.elf
Finished building: default.size.stdout
 
Finished building: Input.list
 
03:16:27 **** Incremental Build of configuration Debug for project Input ****
make -j16 all 
arm-none-eabi-size  Input.elf 
   text	   data	    bss	    dec	    hex	filename
  25008	    468	   2052	  27528	   6b88	Input.elf
Finished building: default.size.stdout
 
03:19:42 **** Incremental Build of configuration Debug for project Input ****
make -j16 all 
arm-none-eabi-gcc "../Core/Src/main.c" -mcpu=cortex-m4 -std=gnu11 -g3 -DDEBUG -DUSE_HAL_DRIVER -DSTM32F401xE -c -I../Core/Inc -I../Drivers/STM32F4xx_HAL_Driver/Inc -I../Drivers/STM32F4xx_HAL_Driver/Inc/Legacy -I../Drivers/CMSIS/Device/ST/STM32F4xx/Include -I../Drivers/CMSIS/Include -O0 -ffunction-sections -fdata-sections -Wall -fstack-usage -fcyclomatic-complexity -MMD -MP -MF"Core/Src/main.d" -MT"Core/Src/main.o" --specs=nano.specs -mfpu=fpv4-sp-d16 -mfloat-abi=hard -mthumb -o "Core/Src/main.o"
arm-none-eabi-gcc -o "Input.elf" @"objects.list"   -mcpu=cortex-m4 -T"C:\Users\Leo\STM32CubeIDE\ECE_198\Input\STM32F401RETX_FLASH.ld" --specs=nosys.specs -Wl,-Map="Input.map" -Wl,--gc-sections -static -u _printf_float --specs=nano.specs -mfpu=fpv4-sp-d16 -mfloat-abi=hard -mthumb -Wl,--start-group -lc -lm -Wl,--end-group
Finished building target: Input.elf
 
arm-none-eabi-size  Input.elf 
arm-none-eabi-objdump -h -S Input.elf  > "Input.list"
   text	   data	    bss	    dec	    hex	filename
  25200	    468	   2060	  27728	   6c50	Input.elf
Finished building: default.size.stdout
 
Finished building: Input.list
 
03:57:04 **** Incremental Build of configuration Debug for project Input ****
make -j16 all 
arm-none-eabi-size  Input.elf 
   text	   data	    bss	    dec	    hex	filename
  25200	    468	   2060	  27728	   6c50	Input.elf
Finished building: default.size.stdout
 
04:00:49 **** Incremental Build of configuration Debug for project Input ****
make -j16 all 
arm-none-eabi-size  Input.elf 
   text	   data	    bss	    dec	    hex	filename
  25200	    468	   2060	  27728	   6c50	Input.elf
Finished building: default.size.stdout
 
