02:55:25 **** Incremental Build of configuration Debug for project Output ****
make -j16 all 
arm-none-eabi-gcc "../Core/Src/main.c" -mcpu=cortex-m4 -std=gnu11 -g3 -DDEBUG -DUSE_HAL_DRIVER -DSTM32F401xE -c -I../Core/Inc -I../Drivers/STM32F4xx_HAL_Driver/Inc -I../Drivers/STM32F4xx_HAL_Driver/Inc/Legacy -I../Drivers/CMSIS/Device/ST/STM32F4xx/Include -I../Drivers/CMSIS/Include -O0 -ffunction-sections -fdata-sections -Wall -fstack-usage -fcyclomatic-complexity -MMD -MP -MF"Core/Src/main.d" -MT"Core/Src/main.o" --specs=nano.specs -mfpu=fpv4-sp-d16 -mfloat-abi=hard -mthumb -o "Core/Src/main.o"
arm-none-eabi-gcc -o "Output.elf" @"objects.list"   -mcpu=cortex-m4 -T"C:\Users\Leo\STM32CubeIDE\ECE_198\Output\STM32F401RETX_FLASH.ld" --specs=nosys.specs -Wl,-Map="Output.map" -Wl,--gc-sections -static --specs=nano.specs -mfpu=fpv4-sp-d16 -mfloat-abi=hard -mthumb -Wl,--start-group -lc -lm -Wl,--end-group
Finished building target: Output.elf
 
arm-none-eabi-size  Output.elf 
arm-none-eabi-objdump -h -S Output.elf  > "Output.list"
   text	   data	    bss	    dec	    hex	filename
  17912	    136	   2192	  20240	   4f10	Output.elf
Finished building: default.size.stdout
 
Finished building: Output.list
 
02:55:27 **** Incremental Build of configuration Debug for project Output ****
make -j16 all 
arm-none-eabi-size  Output.elf 
   text	   data	    bss	    dec	    hex	filename
  17912	    136	   2192	  20240	   4f10	Output.elf
Finished building: default.size.stdout
 
03:01:07 **** Incremental Build of configuration Debug for project Input ****
make -j16 all 
arm-none-eabi-size  Input.elf 
   text	   data	    bss	    dec	    hex	filename
  26584	    468	   2132	  29184	   7200	Input.elf
Finished building: default.size.stdout
 
03:01:16 **** Incremental Build of configuration Debug for project Output ****
make -j16 all 
arm-none-eabi-size  Output.elf 
   text	   data	    bss	    dec	    hex	filename
  17912	    136	   2192	  20240	   4f10	Output.elf
Finished building: default.size.stdout
 
